[INFO] Scanning for projects...
[INFO] 
[INFO] -------------------< com.example:assessment-service >-------------------
[INFO] Building  0.0.1-SNAPSHOT
[INFO]   from pom.xml
[INFO] --------------------------------[ jar ]---------------------------------
[INFO] 
[INFO] --- clean:3.5.0:clean (default-clean) @ assessment-service ---
[INFO] Deleting D:\project\LMS-Lerniq\target
[INFO] 
[INFO] --- resources:3.3.1:resources (default-resources) @ assessment-service ---
[INFO] Copying 1 resource from src\main\resources to target\classes
[INFO] Copying 0 resource from src\main\resources to target\classes
[INFO] 
[INFO] --- compiler:3.14.1:compile (default-compile) @ assessment-service ---
[INFO] Recompiling the module because of changed source code.
[INFO] Compiling 29 source files with javac [debug parameters release 24] to target\classes
[INFO] -------------------------------------------------------------
[ERROR] COMPILATION ERROR : 
[INFO] -------------------------------------------------------------
[ERROR] /D:/project/LMS-Lerniq/src/main/java/com/lms/assessment_service/model/QuizAnswer.java:[13,5] illegal start of type
[ERROR] /D:/project/LMS-Lerniq/src/main/java/com/lms/assessment_service/model/QuizAnswer.java:[13,55] <identifier> expected
[ERROR] /D:/project/LMS-Lerniq/src/main/java/com/lms/assessment_service/model/QuizQuestion.java:[13,5] illegal start of type
[ERROR] /D:/project/LMS-Lerniq/src/main/java/com/lms/assessment_service/model/QuizQuestion.java:[13,55] <identifier> expected
[INFO] 4 errors 
[INFO] -------------------------------------------------------------
[INFO] ------------------------------------------------------------------------
[INFO] BUILD FAILURE
[INFO] ------------------------------------------------------------------------
[INFO] Total time:  1.540 s
[INFO] Finished at: 2026-04-07T00:07:48+05:30
[INFO] ------------------------------------------------------------------------
[ERROR] Failed to execute goal org.apache.maven.plugins:maven-compiler-plugin:3.14.1:compile (default-compile) on project assessment-service: Compilation failure: Compilation failure: 
[ERROR] /D:/project/LMS-Lerniq/src/main/java/com/lms/assessment_service/model/QuizAnswer.java:[13,5] illegal start of type
[ERROR] /D:/project/LMS-Lerniq/src/main/java/com/lms/assessment_service/model/QuizAnswer.java:[13,55] <identifier> expected
[ERROR] /D:/project/LMS-Lerniq/src/main/java/com/lms/assessment_service/model/QuizQuestion.java:[13,5] illegal start of type
[ERROR] /D:/project/LMS-Lerniq/src/main/java/com/lms/assessment_service/model/QuizQuestion.java:[13,55] <identifier> expected
[ERROR] -> [Help 1]
[ERROR] 
[ERROR] To see the full stack trace of the errors, re-run Maven with the -e switch.
[ERROR] Re-run Maven using the -X switch to enable full debug logging.
[ERROR] 
[ERROR] For more information about the errors and possible solutions, please read the following articles:
[ERROR] [Help 1] http://cwiki.apache.org/confluence/display/MAVEN/MojoFailureException
